// Vitest Snapshot v1, https://vitest.dev/guide/snapshot.html

exports[`fetch_scripture Contract Tests > Golden Reference Behavior > Genesis 1:1 — matches shape contract > fetch-scripture-gen-1-1 1`] = `
{
  "contentType": "text",
  "hasContent": true,
  "hasMetadata": true,
  "isError": false,
  "parseable": {
    "hasScripture": true,
    "type": "object",
  },
}
`;

exports[`fetch_scripture Contract Tests > Golden Reference Behavior > John 3:16 — matches golden snapshot > fetch-scripture-john-3-16 1`] = `
{
  "contentType": "text",
  "hasContent": true,
  "hasMetadata": true,
  "isError": false,
  "parseable": {
    "hasScripture": true,
    "type": "object",
  },
}
`;
