// Vitest Snapshot v1, https://vitest.dev/guide/snapshot.html

exports[`index_resource Contract Tests > Response Shape (CONTRACTS_DETAILED.md §4) > basic enqueue — matches contract shape > index-resource-basic 1`] = `
{
  "hasContent": true,
  "hasStatus": true,
  "hasTaskId": true,
  "isError": false,
  "metadataKeys": [
    "status",
    "taskId",
    "tool",
  ],
  "responseKeys": [
    "status",
    "taskId",
  ],
  "validStatus": true,
}
`;

exports[`index_resource Contract Tests > Response Shape (CONTRACTS_DETAILED.md §4) > with priority and force — shape is preserved > index-resource-priority 1`] = `
{
  "hasContent": true,
  "hasStatus": true,
  "hasTaskId": true,
  "isError": false,
  "metadataKeys": [
    "status",
    "taskId",
    "tool",
  ],
  "responseKeys": [
    "status",
    "taskId",
  ],
  "validStatus": true,
}
`;
